// Jest Snapshot v1, https://goo.gl/fbAQLP

exports[`MyComponent snapshot 1`] = `
<DocumentFragment>
  <div>
    <div
      class="tc bg-light-green dib br3 pa3 ma2 grow bw2 shadow-5"
    >
      <img
        alt="robots"
        src="https://robohash.org/1?size=200x200"
      />
      <div>
        <h2>
           robot test 
        </h2>
        <p>
           robottest@gmail.com 
        </p>
      </div>
    </div>
  </div>
</DocumentFragment>
`;
